{
'project:custom/common/case/case.css':[
17,
],
'project:custom/common/experimentalAtRuleUsage.css':[
1,
2,
4,
6,
12,
14,
25,
26,
29,
32,
35,
38,
41,
46,
47,
49,
84,
87,
],
'project:custom/common/formatting/block.css':[
52,
],
'project:custom/common/oneDeclarationPerLine.css':[
26,
],
'project:custom/common/unknownAtRules.css':[
9,
11,
16,
22,
24,
43,
44,
47,
50,
53,
56,
59,
66,
83,
],
'project:custom/common/zerounits.css':[
37,
],
'project:custom/css/experimentalFunctionUsage.css':[
10,
14,
18,
],
'project:custom/css/import/importFirst2.css':[
3,
],
'project:custom/css/import/importFirst3.css':[
4,
],
'project:custom/css/import/importNotFirst1.css':[
1,
3,
7,
],
}
