{
'project:custom/css/variable-naming-convention/variableNamingConvention.css':[
4,
5,
],
'project:custom/css/variable-naming-convention/variableNamingConventionCustomFormat.css':[
4,
5,
],
}
