{
'project:custom/common/S2732.css':[
1,
],
'project:custom/common/charset/charsetNotFirst.css':[
1,
],
'project:custom/common/displayProperty.css':[
4,
8,
15,
],
'project:custom/common/doNotUseShorthandProperties.css':[
2,
],
'project:custom/common/duplicatebackgroundimages.css':[
2,
26,
],
'project:custom/common/experimentalAtRuleUsage.css':[
1,
2,
4,
6,
12,
14,
25,
41,
],
'project:custom/common/experimentalIdentifierUsage.css':[
5,
6,
],
'project:custom/common/experimentalPropertyUsage.css':[
3,
4,
5,
6,
7,
8,
9,
10,
11,
12,
13,
14,
15,
16,
17,
18,
19,
20,
21,
],
'project:custom/common/experimentalPseudoUsage.css':[
1,
],
'project:custom/common/fontface/basic.css':[
58,
63,
68,
73,
80,
88,
],
'project:custom/common/fontface/deepest.css':[
21,
28,
38,
48,
54,
61,
72,
82,
],
'project:custom/common/formatting/important.css':[
3,
4,
8,
9,
],
'project:custom/common/gradientdefinition.css':[
16,
22,
29,
],
'project:custom/common/ieStaticFilters.css':[
2,
],
'project:custom/common/important/important.css':[
5,
8,
],
'project:custom/common/importantPosition.css':[
7,
8,
9,
],
'project:custom/common/inliningFontFiles.css':[
13,
20,
22,
23,
27,
],
'project:custom/common/maximumNumberOfRulesPerSheet9.css':[
1,
],
'project:custom/common/obsoleteProperties.css':[
2,
3,
4,
5,
],
'project:custom/common/obsoletePseudos.css':[
1,
],
'project:custom/common/oneDeclarationPerLine.css':[
19,
],
'project:custom/common/overspecselector.css':[
5,
8,
11,
14,
20,
],
'project:custom/common/overspecselectorCustom.css':[
14,
20,
],
'project:custom/common/properties/accelerator.css':[
5,
],
'project:custom/common/properties/align-content.css':[
9,
],
'project:custom/common/properties/align-items.css':[
8,
],
'project:custom/common/properties/align-self.css':[
9,
],
'project:custom/common/properties/alignment-baseline.css':[
16,
],
'project:custom/common/properties/all.css':[
6,
],
'project:custom/common/properties/animation-delay.css':[
7,
],
'project:custom/common/properties/animation-direction.css':[
7,
],
'project:custom/common/properties/animation-duration.css':[
5,
],
'project:custom/common/properties/animation-fill-mode.css':[
7,
],
'project:custom/common/properties/animation-iteration-count.css':[
7,
],
'project:custom/common/properties/animation-name.css':[
4,
],
'project:custom/common/properties/animation-play-state.css':[
5,
],
'project:custom/common/properties/animation-timing-function.css':[
12,
],
'project:custom/common/properties/animation.css':[
11,
],
'project:custom/common/properties/backface-visibility.css':[
5,
],
'project:custom/common/properties/background-attachment.css':[
8,
],
'project:custom/common/properties/background-blend-mode.css':[
19,
],
'project:custom/common/properties/background-clip.css':[
6,
],
'project:custom/common/properties/background-color.css':[
9,
],
'project:custom/common/properties/background-image.css':[
7,
],
'project:custom/common/properties/background-origin.css':[
6,
],
'project:custom/common/properties/background-position-x.css':[
11,
],
'project:custom/common/properties/background-position-y.css':[
11,
],
'project:custom/common/properties/background-position.css':[
12,
],
'project:custom/common/properties/background-repeat.css':[
16,
],
'project:custom/common/properties/background-size.css':[
19,
],
'project:custom/common/properties/baseline-shift.css':[
9,
],
'project:custom/common/properties/block-progression.css':[
7,
],
'project:custom/common/properties/border-bottom-color.css':[
5,
],
'project:custom/common/properties/border-bottom-left-radius.css':[
7,
],
'project:custom/common/properties/border-bottom-right-radius.css':[
7,
],
'project:custom/common/properties/border-bottom-style.css':[
11,
],
'project:custom/common/properties/border-bottom-width.css':[
7,
],
'project:custom/common/properties/border-bottom.css':[
9,
27,
],
'project:custom/common/properties/border-collapse.css':[
5,
],
'project:custom/common/properties/border-color.css':[
7,
],
'project:custom/common/properties/border-left-color.css':[
5,
],
'project:custom/common/properties/border-left-style.css':[
11,
],
'project:custom/common/properties/border-left-width.css':[
7,
],
'project:custom/common/properties/border-left.css':[
9,
],
'project:custom/common/properties/border-radius.css':[
13,
],
'project:custom/common/properties/border-right-color.css':[
5,
],
'project:custom/common/properties/border-right-style.css':[
11,
],
'project:custom/common/properties/border-right-width.css':[
7,
],
'project:custom/common/properties/border-right.css':[
9,
],
'project:custom/common/properties/border-spacing.css':[
5,
],
'project:custom/common/properties/border-style.css':[
9,
],
'project:custom/common/properties/border-top-color.css':[
5,
],
'project:custom/common/properties/border-top-left-radius.css':[
7,
],
'project:custom/common/properties/border-top-right-radius.css':[
7,
],
'project:custom/common/properties/border-top-style.css':[
11,
],
'project:custom/common/properties/border-top-width.css':[
7,
],
'project:custom/common/properties/border-top.css':[
9,
],
'project:custom/common/properties/border-width.css':[
7,
],
'project:custom/common/properties/border.css':[
9,
],
'project:custom/common/properties/bottom.css':[
8,
],
'project:custom/common/properties/box-decoration-break.css':[
5,
],
'project:custom/common/properties/box-snap.css':[
9,
],
'project:custom/common/properties/box-suppress.css':[
6,
],
'project:custom/common/properties/break-after.css':[
16,
],
'project:custom/common/properties/break-before.css':[
16,
],
'project:custom/common/properties/break-inside.css':[
8,
],
'project:custom/common/properties/caption-side.css':[
9,
],
'project:custom/common/properties/caret-color.css':[
9,
],
'project:custom/common/properties/caret-shape.css':[
7,
],
'project:custom/common/properties/clear.css':[
7,
],
'project:custom/common/properties/clip-path.css':[
13,
],
'project:custom/common/properties/clip-rule.css':[
5,
],
'project:custom/common/properties/color-interpolation-filters.css':[
8,
],
'project:custom/common/properties/color-interpolation.css':[
8,
],
'project:custom/common/properties/color-rendering.css':[
8,
],
'project:custom/common/properties/column-count.css':[
5,
],
'project:custom/common/properties/column-fill.css':[
6,
],
'project:custom/common/properties/column-gap.css':[
6,
],
'project:custom/common/properties/column-rule-color.css':[
9,
],
'project:custom/common/properties/column-rule-style.css':[
11,
],
'project:custom/common/properties/column-rule-width.css':[
7,
],
'project:custom/common/properties/column-span.css':[
5,
],
'project:custom/common/properties/column-width.css':[
10,
],
'project:custom/common/properties/content-zoom-chaining.css':[
5,
],
'project:custom/common/properties/content-zoom-limit-max.css':[
5,
],
'project:custom/common/properties/content-zoom-limit.css':[
6,
],
'project:custom/common/properties/content-zoom-snap-points.css':[
7,
],
'project:custom/common/properties/content-zoom-snap-type.css':[
6,
],
'project:custom/common/properties/content-zooming.css':[
5,
],
'project:custom/common/properties/counter-increment.css':[
10,
],
'project:custom/common/properties/counter-reset.css':[
10,
],
'project:custom/common/properties/cue-before.css':[
5,
],
'project:custom/common/properties/cue.css':[
5,
],
'project:custom/common/properties/cursor.css':[
43,
],
'project:custom/common/properties/device-pixel-ratio.css':[
7,
],
'project:custom/common/properties/display.css':[
29,
],
'project:custom/common/properties/dominant-baseline.css':[
12,
],
'project:custom/common/properties/empty-cells.css':[
5,
],
'project:custom/common/properties/fill-opacity.css':[
7,
],
'project:custom/common/properties/fill-rule.css':[
5,
],
'project:custom/common/properties/filter.css':[
12,
],
'project:custom/common/properties/flex-basis.css':[
9,
],
'project:custom/common/properties/flex-direction.css':[
7,
],
'project:custom/common/properties/flex-flow.css':[
12,
],
'project:custom/common/properties/flex-grow.css':[
6,
],
'project:custom/common/properties/flex-shrink.css':[
6,
],
'project:custom/common/properties/flex-wrap.css':[
6,
],
'project:custom/common/properties/float-defer.css':[
8,
],
'project:custom/common/properties/float-offset.css':[
8,
],
'project:custom/common/properties/float-reference.css':[
7,
],
'project:custom/common/properties/flood-color.css':[
9,
],
'project:custom/common/properties/flood-opacity.css':[
7,
],
'project:custom/common/properties/font-family.css':[
7,
],
'project:custom/common/properties/font-language-override.css':[
6,
],
'project:custom/common/properties/font-size-adjust.css':[
6,
],
'project:custom/common/properties/font-size.css':[
17,
],
'project:custom/common/properties/font-stretch.css':[
14,
],
'project:custom/common/properties/font-style.css':[
6,
],
'project:custom/common/properties/font-synthesis.css':[
8,
],
'project:custom/common/properties/font-variant-caps.css':[
10,
],
'project:custom/common/properties/font-variant-position.css':[
6,
],
'project:custom/common/properties/font-weight.css':[
16,
],
'project:custom/common/properties/footnote-display.css':[
6,
],
'project:custom/common/properties/footnote-policy.css':[
6,
],
'project:custom/common/properties/hanging-punctuation.css':[
8,
],
'project:custom/common/properties/height.css':[
8,
],
'project:custom/common/properties/high-contrast-adjust.css':[
5,
],
'project:custom/common/properties/high-contrast.css':[
6,
],
'project:custom/common/properties/hyphens.css':[
6,
],
'project:custom/common/properties/image-rendering.css':[
6,
],
'project:custom/common/properties/inline-box-align.css':[
7,
],
'project:custom/common/properties/isolation.css':[
5,
],
'project:custom/common/properties/justify-content.css':[
8,
],
'project:custom/common/properties/layout-flow.css':[
5,
],
'project:custom/common/properties/layout-grid-char.css':[
9,
],
'project:custom/common/properties/layout-grid-line.css':[
7,
],
'project:custom/common/properties/layout-grid-mode.css':[
7,
],
'project:custom/common/properties/layout-grid-type.css':[
6,
],
'project:custom/common/properties/left.css':[
8,
],
'project:custom/common/properties/letter-spacing.css':[
6,
],
'project:custom/common/properties/lighting-color.css':[
9,
],
'project:custom/common/properties/line-break.css':[
7,
],
'project:custom/common/properties/line-grid.css':[
5,
],
'project:custom/common/properties/line-height.css':[
8,
],
'project:custom/common/properties/line-snap.css':[
6,
],
'project:custom/common/properties/list-style-image.css':[
7,
],
'project:custom/common/properties/list-style-position.css':[
5,
],
'project:custom/common/properties/list-style-type.css':[
7,
],
'project:custom/common/properties/list-style.css':[
8,
],
'project:custom/common/properties/margin-bottom.css':[
8,
],
'project:custom/common/properties/margin-left.css':[
8,
],
'project:custom/common/properties/margin-right.css':[
8,
],
'project:custom/common/properties/margin-top.css':[
8,
],
'project:custom/common/properties/margin.css':[
8,
],
'project:custom/common/properties/marker-end.css':[
5,
],
'project:custom/common/properties/marker-mid.css':[
5,
],
'project:custom/common/properties/marker-side.css':[
5,
],
'project:custom/common/properties/marker-start.css':[
5,
],
'project:custom/common/properties/mask-border-mode.css':[
5,
],
'project:custom/common/properties/mask-border-outset.css':[
9,
],
'project:custom/common/properties/mask-border-repeat.css':[
7,
],
'project:custom/common/properties/mask-border-source.css':[
7,
],
'project:custom/common/properties/mask-border-width.css':[
9,
],
'project:custom/common/properties/mask-type.css':[
5,
],
'project:custom/common/properties/max-device-pixel-ratio.css':[
7,
],
'project:custom/common/properties/max-height.css':[
8,
],
'project:custom/common/properties/max-lines.css':[
7,
],
'project:custom/common/properties/max-width.css':[
8,
],
'project:custom/common/properties/max-zoom.css':[
6,
],
'project:custom/common/properties/min-device-pixel-ratio.css':[
7,
],
'project:custom/common/properties/min-height.css':[
8,
],
'project:custom/common/properties/min-width.css':[
8,
],
'project:custom/common/properties/min-zoom.css':[
6,
],
'project:custom/common/properties/mix-blend-mode.css':[
19,
],
'project:custom/common/properties/nav-down.css':[
9,
],
'project:custom/common/properties/nav-left.css':[
9,
],
'project:custom/common/properties/nav-right.css':[
9,
],
'project:custom/common/properties/nav-up.css':[
9,
],
'project:custom/common/properties/object-fit.css':[
8,
],
'project:custom/common/properties/offset-after.css':[
8,
],
'project:custom/common/properties/offset-before.css':[
8,
],
'project:custom/common/properties/offset-end.css':[
8,
],
'project:custom/common/properties/offset-start.css':[
8,
],
'project:custom/common/properties/opacity.css':[
7,
],
'project:custom/common/properties/orientation.css':[
6,
],
'project:custom/common/properties/outline-color.css':[
5,
],
'project:custom/common/properties/outline-offset.css':[
8,
],
'project:custom/common/properties/outline-style.css':[
11,
],
'project:custom/common/properties/outline-width.css':[
7,
],
'project:custom/common/properties/outline.css':[
9,
],
'project:custom/common/properties/overflow-style.css':[
7,
],
'project:custom/common/properties/overflow-wrap.css':[
5,
],
'project:custom/common/properties/overflow-x.css':[
8,
],
'project:custom/common/properties/overflow-y.css':[
8,
],
'project:custom/common/properties/overflow.css':[
8,
],
'project:custom/common/properties/padding-bottom.css':[
4,
],
'project:custom/common/properties/padding-left.css':[
4,
],
'project:custom/common/properties/padding-right.css':[
4,
],
'project:custom/common/properties/padding-top.css':[
4,
],
'project:custom/common/properties/padding.css':[
4,
],
'project:custom/common/properties/page-break-after.css':[
8,
],
'project:custom/common/properties/page-break-before.css':[
8,
],
'project:custom/common/properties/page-break-inside.css':[
5,
],
'project:custom/common/properties/pause-after.css':[
10,
],
'project:custom/common/properties/pause-before.css':[
10,
],
'project:custom/common/properties/pause.css':[
10,
],
'project:custom/common/properties/perspective.css':[
5,
],
'project:custom/common/properties/pointer-events.css':[
15,
],
'project:custom/common/properties/position.css':[
10,
],
'project:custom/common/properties/prefix.css':[
10,
],
'project:custom/common/properties/quotes.css':[
7,
],
'project:custom/common/properties/region-fragment.css':[
5,
],
'project:custom/common/properties/resize.css':[
7,
],
'project:custom/common/properties/rest-after.css':[
10,
],
'project:custom/common/properties/rest-before.css':[
10,
],
'project:custom/common/properties/rest.css':[
10,
],
'project:custom/common/properties/right.css':[
8,
],
'project:custom/common/properties/ruby-align.css':[
7,
],
'project:custom/common/properties/ruby-merge.css':[
6,
],
'project:custom/common/properties/ruby-position.css':[
6,
],
'project:custom/common/properties/scroll-behavior.css':[
5,
],
'project:custom/common/properties/scroll-chaining.css':[
5,
],
'project:custom/common/properties/scroll-limit-x-max.css':[
6,
],
'project:custom/common/properties/scroll-limit-y-max.css':[
6,
],
'project:custom/common/properties/scroll-rails.css':[
5,
],
'project:custom/common/properties/scroll-snap-points-x.css':[
7,
],
'project:custom/common/properties/scroll-snap-points-y.css':[
7,
],
'project:custom/common/properties/scroll-snap-type.css':[
6,
],
'project:custom/common/properties/scroll-translation.css':[
5,
],
'project:custom/common/properties/shape-image-threshold.css':[
8,
],
'project:custom/common/properties/shape-margin.css':[
5,
],
'project:custom/common/properties/shape-outside.css':[
11,
],
'project:custom/common/properties/shape-rendering.css':[
10,
],
'project:custom/common/properties/stop-color.css':[
9,
],
'project:custom/common/properties/stop-opacity.css':[
7,
],
'project:custom/common/properties/stroke-dashoffset.css':[
7,
],
'project:custom/common/properties/stroke-linecap.css':[
6,
],
'project:custom/common/properties/stroke-linejoin.css':[
6,
],
'project:custom/common/properties/stroke-miterlimit.css':[
6,
],
'project:custom/common/properties/stroke-opacity.css':[
7,
],
'project:custom/common/properties/stroke-width.css':[
5,
],
'project:custom/common/properties/suffix.css':[
10,
],
'project:custom/common/properties/symbols.css':[
10,
],
'project:custom/common/properties/tab-size.css':[
7,
],
'project:custom/common/properties/table-layout.css':[
5,
],
'project:custom/common/properties/tansition-timing-function.css':[
12,
],
'project:custom/common/properties/text-align-all.css':[
10,
],
'project:custom/common/properties/text-align-last.css':[
10,
],
'project:custom/common/properties/text-align.css':[
11,
],
'project:custom/common/properties/text-anchor.css':[
6,
],
'project:custom/common/properties/text-combine-upright.css':[
8,
],
'project:custom/common/properties/text-decoration-color.css':[
9,
],
'project:custom/common/properties/text-decoration-line.css':[
11,
],
'project:custom/common/properties/text-decoration-skip.css':[
12,
],
'project:custom/common/properties/text-decoration-style.css':[
8,
],
'project:custom/common/properties/text-decoration.css':[
8,
],
'project:custom/common/properties/text-emphasis-color.css':[
9,
],
'project:custom/common/properties/text-emphasis-position.css':[
7,
],
'project:custom/common/properties/text-height.css':[
7,
],
'project:custom/common/properties/text-indent.css':[
7,
],
'project:custom/common/properties/text-justify.css':[
7,
],
'project:custom/common/properties/text-orientation.css':[
7,
],
'project:custom/common/properties/text-overflow.css':[
8,
],
'project:custom/common/properties/text-rendering.css':[
7,
],
'project:custom/common/properties/text-transform.css':[
8,
],
'project:custom/common/properties/text-underline-position.css':[
11,
],
'project:custom/common/properties/top.css':[
8,
],
'project:custom/common/properties/touch-action.css':[
10,
],
'project:custom/common/properties/transform-box.css':[
6,
],
'project:custom/common/properties/transform-style.css':[
6,
],
'project:custom/common/properties/transform.css':[
8,
],
'project:custom/common/properties/transition-delay.css':[
5,
],
'project:custom/common/properties/transition-duration.css':[
5,
],
'project:custom/common/properties/unicode-bidi.css':[
9,
],
'project:custom/common/properties/user-select.css':[
7,
],
'project:custom/common/properties/vertical-align.css':[
15,
],
'project:custom/common/properties/visibility.css':[
6,
],
'project:custom/common/properties/voice-duration.css':[
7,
],
'project:custom/common/properties/voice-stress.css':[
8,
],
'project:custom/common/properties/white-space.css':[
8,
],
'project:custom/common/properties/width.css':[
8,
],
'project:custom/common/properties/word-break.css':[
6,
],
'project:custom/common/properties/word-spacing.css':[
8,
],
'project:custom/common/properties/writing-mode.css':[
13,
],
'project:custom/common/properties/zoom.css':[
6,
],
'project:custom/common/selectorNamingConvention/selectorNamingConvention.css':[
10,
13,
19,
],
'project:custom/common/semicolonDeclaration.css':[
42,
],
'project:custom/common/shorthand.css':[
51,
59,
67,
75,
98,
105,
119,
128,
164,
175,
182,
190,
202,
209,
216,
223,
237,
272,
298,
304,
323,
337,
346,
358,
366,
],
'project:custom/common/toomanywebfonts.css':[
1,
],
'project:custom/common/vendorprefixes.css':[
10,
14,
18,
],
'project:custom/common/vendorprefixwithstandard.css':[
17,
23,
30,
32,
39,
41,
],
'project:custom/css/custom/forbiddenUrl.css':[
3,
10,
],
'project:custom/css/experimentalFunctionUsage.css':[
4,
],
'project:custom/css/import/importNotFirst1.css':[
5,
9,
],
'project:custom/css/import/importNotFirst2.css':[
7,
12,
],
'project:custom/css/importThreshold.css':[
1,
],
'project:custom/css/obsoleteFunctions.css':[
2,
3,
7,
8,
10,
],
'project:custom/css/variable-naming-convention/variableNamingConvention.css':[
4,
5,
],
'project:custom/css/variable-naming-convention/variableNamingConventionCustomFormat.css':[
4,
5,
6,
],
}
