{
'project:custom/common/experimentalPseudoUsage.css':[
1,
5,
],
'project:custom/common/idsinselector.css':[
9,
13,
17,
18,
],
'project:custom/common/oneDeclarationPerLine.css':[
27,
],
'project:custom/common/overqualified.css':[
30,
],
'project:custom/common/overspecselector.css':[
8,
15,
21,
],
'project:custom/common/overspecselectorCustom.css':[
8,
15,
21,
],
'project:custom/common/selectorNamingConvention/selectorNamingConvention.css':[
4,
16,
19,
],
'project:custom/common/selectorNamingConvention/selectorNamingConventionCustomFormat.css':[
4,
16,
19,
19,
],
'project:custom/css/experimentalFunctionUsage.css':[
19,
],
}
