{
'project:custom/common/case/case.css':[
3,
4,
5,
7,
9,
11,
14,
],
'project:custom/common/doNotUseShorthandProperties.css':[
6,
7,
],
'project:custom/common/emptyRule.css':[
51,
],
'project:custom/common/experimentalAtRuleUsage.css':[
2,
47,
],
'project:custom/common/experimentalPropertyUsage.css':[
21,
],
'project:custom/common/gradientdefinition.css':[
31,
],
'project:custom/common/obsoleteProperties.css':[
3,
5,
],
'project:custom/common/properties/content-zoom-snap-points.css':[
3,
5,
],
'project:custom/common/properties/filter.css':[
19,
20,
21,
],
'project:custom/common/properties/scroll-snap-points-x.css':[
3,
5,
],
'project:custom/common/properties/scroll-snap-points-y.css':[
3,
5,
],
'project:custom/common/unknownAtRules.css':[
5,
14,
],
'project:custom/common/unknownFunctions.css':[
5,
],
'project:custom/common/vendorprefixes.css':[
15,
19,
],
'project:custom/css/obsoleteFunctions.css':[
10,
],
'project:custom/css/unknownFunctions.css':[
5,
],
}
