{
'project:custom/common/boxSizing.css':[
11,
],
'project:custom/common/displayProperty.css':[
31,
],
'project:custom/common/duplicatebackgroundimages.css':[
26,
30,
34,
38,
42,
46,
],
'project:custom/common/emptyDeclaration.css':[
1,
1,
],
'project:custom/common/emptyRule.css':[
2,
],
'project:custom/common/experimentalAtRuleUsage.css':[
18,
72,
],
'project:custom/common/formatting/block.css':[
10,
14,
18,
28,
32,
36,
44,
47,
47,
],
'project:custom/common/formatting/important.css':[
3,
4,
8,
9,
],
'project:custom/common/important/important.css':[
4,
5,
7,
8,
],
'project:custom/common/importantPosition.css':[
3,
4,
8,
9,
],
'project:custom/common/knownProperty.css':[
3,
7,
17,
22,
26,
30,
],
'project:custom/common/maximumNumberOfRulesPerSheet10.css':[
2,
5,
8,
11,
14,
17,
20,
23,
],
'project:custom/common/maximumNumberOfRulesPerSheet11.css':[
2,
5,
8,
11,
14,
17,
20,
23,
],
'project:custom/common/maximumNumberOfRulesPerSheet9.css':[
3,
6,
9,
12,
15,
18,
21,
24,
],
'project:custom/common/metrics.css':[
11,
],
'project:custom/common/oneDeclarationPerLine.css':[
27,
27,
],
'project:custom/common/trailingWhitespace.css':[
5,
9,
],
'project:custom/common/unknownAtRules.css':[
28,
75,
],
'project:custom/common/utf8WithoutBom.css':[
2,
],
'project:custom/common/vendorprefixes.css':[
2,
],
'project:custom/css/experimentalFunctionUsage.css':[
19,
19,
],
}
