{
'project:custom/common/formatting/block.css':[
47,
],
'project:custom/common/lineLength.css':[
2,
2,
2,
3,
3,
],
'project:custom/common/lineLength30.css':[
5,
5,
5,
6,
6,
],
'project:custom/common/lineLength50.css':[
3,
3,
3,
4,
4,
],
'project:custom/common/oneDeclarationPerLine.css':[
9,
14,
15,
19,
23,
23,
27,
],
'project:custom/css/experimentalFunctionUsage.css':[
19,
],
}
