{
'project:custom/common/case/case.less':[
15,
],
'project:custom/less/experimentalFunctionUsage.less':[
10,
14,
18,
],
}
