{
'project:custom/common/alphabetizeDeclarations/alphabetizeDeclarations.less':[
2,
],
'project:custom/common/case/case.less':[
15,
],
'project:custom/common/selectorNamingConvention/selectorNamingConvention.less':[
1,
4,
7,
10,
13,
16,
19,
22,
25,
],
}
