{
'project:custom/common/alphabetizeDeclarations/alphabetizeDeclarations.less':[
1,
5,
10,
16,
23,
30,
37,
46,
53,
59,
65,
71,
79,
87,
95,
101,
106,
111,
116,
123,
],
'project:custom/common/case/case.less':[
3,
4,
5,
7,
9,
11,
15,
],
'project:custom/common/commentRegex/commentRegularExpression.less':[
1,
3,
4,
],
'project:custom/common/deprecatedSystemColor.less':[
19,
20,
],
'project:custom/common/duplicatedProperties.less':[
2,
7,
13,
15,
22,
28,
34,
44,
52,
71,
79,
90,
96,
],
'project:custom/common/fixme/fixmeTagPresence.less':[
1,
1,
6,
6,
11,
12,
20,
20,
25,
26,
34,
34,
37,
39,
],
'project:custom/common/formatting/declaration.less':[
2,
6,
10,
14,
18,
22,
24,
26,
32,
36,
40,
44,
48,
52,
54,
56,
62,
66,
70,
72,
74,
],
'project:custom/common/important/important.less':[
3,
4,
],
'project:custom/common/nosonar/nosonarTagPresence.less':[
11,
],
'project:custom/common/propertyRegex/propertyRegularExpression.less':[
2,
4,
8,
],
'project:custom/common/protocolRelativeUrl/protocolRelativeUrl.less':[
2,
3,
5,
],
'project:custom/common/quotedUrl/quotedUrl.less':[
5,
],
'project:custom/common/selectorNamingConvention/selectorNamingConvention.less':[
1,
4,
7,
10,
13,
16,
19,
22,
25,
],
'project:custom/common/todo/todoTagPresence.less':[
1,
1,
6,
6,
11,
12,
20,
20,
25,
26,
34,
34,
37,
39,
],
'project:custom/common/validatePropertyValue.less':[
2,
3,
],
'project:custom/less/custom/interpolatedProperties.less':[
8,
10,
],
'project:custom/less/experimentalFunctionUsage.less':[
2,
3,
4,
5,
6,
7,
10,
14,
18,
23,
],
'project:custom/less/lessEscapingFunction.less':[
3,
4,
],
'project:custom/less/lessVariableNamingConvention.less':[
3,
4,
],
'project:custom/less/lessVariableNamingConventionCustomFormat.less':[
3,
4,
5,
],
'project:custom/less/multipleVariableDeclarationsSameScope.less':[
1,
5,
],
'project:custom/less/nestedRulesets/nestedRulesets.less':[
1,
18,
31,
47,
53,
69,
],
'project:custom/less/nestedRulesets/nestedRulesetsCustomThreshold.less':[
1,
13,
],
'project:custom/less/obsoleteFunctions.less':[
2,
2,
2,
3,
3,
3,
4,
5,
6,
],
'project:custom/less/preferSingleLineComments.less':[
2,
4,
5,
],
'project:custom/less/unknownFunctions.less':[
2,
],
'project:custom/less/variableDeclarationFirst.less':[
19,
23,
24,
28,
],
}
