{
'project:custom/common/case/case.less':[
3,
4,
5,
7,
9,
11,
15,
],
'project:custom/common/duplicatedProperties.less':[
23,
24,
25,
38,
],
'project:custom/less/lessEscapingFunction.less':[
4,
],
'project:custom/less/obsoleteFunctions.less':[
6,
],
'project:custom/less/unknownFunctions.less':[
5,
],
}
