{
'project:custom/scss/variable-naming-convention/scssVariableNamingConvention.scss':[
3,
4,
],
'project:custom/scss/variable-naming-convention/scssVariableNamingConventionCustomFormat.scss':[
3,
4,
],
}
