{
'project:custom/common/case/case.scss':[
1,
],
}
