{
'project:custom/common/case/case.scss':[
2,
8,
],
}
