{
'project:custom/scss/scssVariableNamingConventionCustomFormat.scss':[
3,
],
}
