{
'project:custom/common/case/case.scss':[
15,
],
}
