{
'project:custom/common/case/case.scss':[
6,
7,
],
}
