{
'project:custom/scss/scssVariableNamingConventionCustomFormat.scss':[
1,
2,
3,
4,
5,
],
}
